[2m14:21:09[22m [31m[1m[vite][22m[39m [31m[2m(client)[22m[39m Pre-transform error: Failed to resolve import "./componentes/Agenda" from "src/App.jsx". Does the file exist?
  Plugin: [35mvite:import-analysis[39m
  File: [36mC:/Users/Macedo/Desktop/Jato_/jatosistem/src/App.jsx[39m:3:19
[33m  1  |  import { useEffect, useMemo, useRef, useState } from "react";
  2  |  import { createCliente, loadDatabase, syncDatabase } from "./lib/database";
  3  |  import Agenda from "./componentes/Agenda";
     |                      ^
  4  |  import { LayoutDashboard, FilePlus2, ClipboardList, Users, Sparkles, Boxes, Wallet, Landmark, Trash2, CheckCircle2, A...
  5  |  var _jsxFileName = "C:/Users/Macedo/Desktop/Jato_/jatosistem/src/App.jsx";[39m
[2m14:21:09[22m [31m[1m[vite][22m[39m [31mInternal server error: Failed to resolve import "./componentes/Agenda" from "src/App.jsx". Does the file exist?[39m
  Plugin: [35mvite:import-analysis[39m
  File: [36mC:/Users/Macedo/Desktop/Jato_/jatosistem/src/App.jsx[39m:3:19
[33m  1  |  import { useEffect, useMemo, useRef, useState } from "react";
  2  |  import { createCliente, loadDatabase, syncDatabase } from "./lib/database";
  3  |  import Agenda from "./componentes/Agenda";
     |                      ^
  4  |  import { LayoutDashboard, FilePlus2, ClipboardList, Users, Sparkles, Boxes, Wallet, Landmark, Trash2, CheckCircle2, A...
  5  |  var _jsxFileName = "C:/Users/Macedo/Desktop/Jato_/jatosistem/src/App.jsx";[39m
      at TransformPluginContext._formatLog (file:///C:/Users/Macedo/Desktop/Jato_/jatosistem/node_modules/vite/dist/node/chunks/node.js:30416:39)
      at TransformPluginContext.error (file:///C:/Users/Macedo/Desktop/Jato_/jatosistem/node_modules/vite/dist/node/chunks/node.js:30413:14)
      at normalizeUrl (file:///C:/Users/Macedo/Desktop/Jato_/jatosistem/node_modules/vite/dist/node/chunks/node.js:27438:18)
      at async file:///C:/Users/Macedo/Desktop/Jato_/jatosistem/node_modules/vite/dist/node/chunks/node.js:27506:30
      at async Promise.all (index 2)
      at async TransformPluginContext.transform (file:///C:/Users/Macedo/Desktop/Jato_/jatosistem/node_modules/vite/dist/node/chunks/node.js:27474:4)
      at async EnvironmentPluginContainer.transform (file:///C:/Users/Macedo/Desktop/Jato_/jatosistem/node_modules/vite/dist/node/chunks/node.js:30201:14)
      at async loadAndTransform (file:///C:/Users/Macedo/Desktop/Jato_/jatosistem/node_modules/vite/dist/node/chunks/node.js:20124:26)
[2m14:21:09[22m [31m[1m[vite][22m[39m [31m[2m(client)[22m[39m [2m[console.error] [22m[vite] Failed to reload /src/App.jsx. This could be due to syntax errors or importing non-existent modules. (see errors above)
[2m14:30:33[22m [31m[1m[vite][22m[39m [31m[2m(client)[22m[39m [2m[console.error] [22mIn HTML, <button> cannot be a descendant of <button>.
This will cause a hydration error.

  <App>
    <div className="app-shell ..." style={{...}}>
      <style>
      <aside>
      <main ref={{...}} onScroll={function saveScrollPosition} className="app-main f...">
        <div className="max-w-7xl ...">
          <Agenda db={{empresas:[...], ...}} update={function update} empresaId="msk8ymw2abo3o">
            <div className="space-y-4">
              <header>
              <div>
              <section className="overflow-h...">
                <div>
                <div className="overflow-x...">
                  <div className="grid min-w...">
                    <div>
                    <div>
                    <div>
                    <div>
                    <div>
                    <div>
                    <div>
                    <button>
                    <button>
                    <button>
                    <button>
                    <button>
                    <button>
>                   <button
>                     onClick={function onClick}
>                     className={"min-h-28 border-b border-r border-slate-200 p-1.5 text-left align-top hover:bg-red-..."}
>                   >
                      <span>
                      <div className="space-y-1">
                        <EventCard item={{clienteId:"6", ...}} clientes={[...]} servicos={[...]} ...>
>                         <button
>                           type="button"
>                           onClick={function onClick}
>                           className="w-full rounded-lg border px-2 py-1 text-left text-xs shadow-sm transition hover..."
>                         >
                    ...
              ...

[2m14:30:33[22m [31m[1m[vite][22m[39m [31m[2m(client)[22m[39m [2m[console.error] [22m<button> cannot contain a nested <button>.
See this log for the ancestor stack trace.
